// Jest Snapshot v1, https://goo.gl/fbAQLP

exports[`Spades — snapshot 4p seed=7 deal is stable 1`] = `
{
  "dealer": 0,
  "hands": [
    [
      "2H",
      "7C",
      "4D",
      "3H",
      "KH",
      "QD",
      "JS",
      "KC",
      "5S",
      "AD",
      "6D",
      "2D",
      "5C",
    ],
    [
      "2S",
      "AH",
      "5H",
      "6S",
      "9D",
      "JD",
      "2C",
      "JH",
      "QS",
      "JC",
      "7D",
      "KD",
      "9C",
    ],
    [
      "9S",
      "3D",
      "7H",
      "4C",
      "9H",
      "10D",
      "4S",
      "8D",
      "AS",
      "3S",
      "8C",
      "10H",
      "8H",
    ],
    [
      "3C",
      "6H",
      "QC",
      "QH",
      "8S",
      "6C",
      "10C",
      "4H",
      "AC",
      "5D",
      "10S",
      "KS",
      "7S",
    ],
  ],
  "partnerships": [
    [
      "p1",
      "p3",
    ],
    [
      "p2",
      "p4",
    ],
  ],
}
`;
